// Jest Snapshot v1, https://goo.gl/fbAQLP

exports[`Loader snapshot-1 1`] = `
<div
  className="css-1jvlr39"
>
  <img
    alt="loading"
    className="css-16kb41"
    src="loading.gif"
  />
  <img
    alt="loaded"
    className="css-1svvr0w"
    src="loading.svg"
  />
</div>
`;

exports[`Loader snapshot-2 1`] = `
<div
  className="css-1jvlr39"
>
  <img
    alt="loading"
    className="css-1svvr0w"
    src="loading.gif"
  />
  <img
    alt="loaded"
    className="css-16kb41"
    src="loading.svg"
  />
</div>
`;
